// Jest Snapshot v1, https://goo.gl/fbAQLP

exports[`<Button/> should render a button component, match snapshot and byrole 1`] = `
<button
  class="styles__Button-dzveYr fqoaUl"
/>
`;
